<html>
<body>
<pre>
<h1>µVision Build Log</h1>
<h2>Tool Versions:</h2>
IDE-Version: ¦ÌVision V5.38.0.0
Copyright (C) 2022 ARM Ltd and ARM Germany GmbH. All rights reserved.
License Information: Huang ziyi, BUPT, LIC=BUURY-IMSE4-8T23P-MIZIM-PH1ET-XP83Y
 
Tool Versions:
Toolchain:       MDK-ARM Plus  Version: 5.24.1
Toolchain Path:  D:\Keil5\ARM\ARMCLANG\Bin
C Compiler:      ArmClang.exe V6.7
Assembler:       Armasm.exe V6.7
Linker/Locator:  ArmLink.exe V6.7
Library Manager: ArmAr.exe V6.7
Hex Converter:   FromElf.exe V6.7
CPU DLL:         SARMCM3.DLL V5.24.1
Dialog DLL:      DARMCM1.DLL V1.18.0.0
Target DLL:      CMSIS_AGDI.dll V1.28.3.0
Dialog DLL:      TARMCM1.DLL V1.13.0.0
 
<h2>Project:</h2>
D:\Nicole\Projects\smart_car_project\Software\MSPM0_Test\Test_Servo\keil\timx_timer_mode_pwm_edge_sleep_shadow_LP_MSPM0G3507_nortos_keil.uvprojx
Project File Date:  07/03/2026

<h2>Output:</h2>
*** Using Compiler 'V6.7', folder: 'D:\Keil5\ARM\ARMCLANG\Bin'
Rebuild target 'timx_timer_mode_pwm_edge_sleep_shadow_LP_MSPM0G3507_nortos_keil'
assembling startup_mspm0g350x_uvision.s...
compiling ti_msp_dl_config.c...
compiling timx_timer_mode_pwm_edge_sleep_shadow.c...
linking...
Program Size: Code=1184 RO-data=224 RW-data=0 ZI-data=544  
FromELF: creating hex file...
".\Objects\timx_timer_mode_pwm_edge_sleep_shadow_LP_MSPM0G3507_nortos_keil.axf" - 0 Error(s), 0 Warning(s).

<h2>Software Packages used:</h2>

Package Vendor: TexasInstruments
                https://software-dl.ti.com/msp430/esd/MSPM0-CMSIS/MSPM0G1X0X_G3X0X/latest/exports/TexasInstruments.MSPM0G1X0X_G3X0X_DFP.1.3.1.pack
                TexasInstruments.MSPM0G1X0X_G3X0X_DFP.1.3.1
                Device Family Pack for Texas Instruments MSPM0G1X0X_G3X0X Series

<h2>Collection of Component include folders:</h2>

<h2>Collection of Component Files used:</h2>
Build Time Elapsed:  00:00:00
</pre>
</body>
</html>
